00:00 +0: loading C:/Users/Qadeer/Downloads/custom pos/test/widget_test.dart
00:00 +0: Smoke test
ΓòÉΓòÉΓòí EXCEPTION CAUGHT BY WIDGETS LIBRARY Γò₧ΓòÉΓòÉΓòÉΓòÉΓòÉΓòÉΓòÉΓòÉΓòÉΓòÉΓòÉΓòÉΓòÉΓòÉΓòÉΓòÉΓòÉΓòÉΓòÉΓòÉΓòÉΓòÉΓòÉΓòÉΓòÉΓòÉΓòÉΓòÉΓòÉΓòÉΓòÉΓòÉΓòÉΓòÉΓòÉΓòÉΓòÉΓòÉΓòÉΓòÉΓòÉΓòÉΓòÉΓòÉΓòÉΓòÉΓòÉΓòÉΓòÉΓòÉΓòÉΓòÉΓòÉΓòÉΓòÉΓòÉΓòÉΓòÉΓòÉ
The following ProviderNotFoundException was thrown building SalonPOSApp(dirty):
Error: Could not find the correct Provider<AppProvider> above this SalonPOSApp Widget

This happens because you used a `BuildContext` that does not include the provider
of your choice. There are a few common scenarios:

- You added a new provider in your `main.dart` and performed a hot-reload.
  To fix, perform a hot-restart.

- The provider you are trying to read is in a different route.

  Providers are "scoped". So if you insert of provider inside a route, then
  other routes will not be able to access that provider.

- You used a `BuildContext` that is an ancestor of the provider you are trying to read.

  Make sure that SalonPOSApp is under your MultiProvider/Provider<AppProvider>.
  This usually happens when you are creating a provider and trying to read it immediately.

  For example, instead of:

  ```
  Widget build(BuildContext context) {
    return Provider<Example>(
      create: (_) => Example(),
      // Will throw a ProviderNotFoundError, because `context` is associated
      // to the widget that is the parent of `Provider<Example>`
      child: Text(context.watch<Example>().toString()),
    );
  }
  ```

  consider using `builder` like so:

  ```
  Widget build(BuildContext context) {
    return Provider<Example>(
      create: (_) => Example(),
      // we use `builder` to obtain a new `BuildContext` that has access to the provider
      builder: (context, child) {
        // No longer throws
        return Text(context.watch<Example>().toString());
      }
    );
  }
  ```

If none of these solutions work, consider asking for help on StackOverflow:
https://stackoverflow.com/questions/tagged/flutter

The relevant error-causing widget was:
  SalonPOSApp SalonPOSApp:file:///C:/Users/Qadeer/Downloads/custom%20pos/test/widget_test.dart:6:35

When the exception was thrown, this was the stack:
#0      Provider._inheritedElementOf (package:provider/src/provider.dart:377:7)
#1      Provider.of (package:provider/src/provider.dart:327:30)
#2      WatchContext.watch (package:provider/src/provider.dart:727:21)
#3      SalonPOSApp.build (package:salon_pos/main.dart:45:13)
#4      StatelessElement.build (package:flutter/src/widgets/framework.dart:5892:49)
#5      ComponentElement.performRebuild (package:flutter/src/widgets/framework.dart:5820:15)
#6      Element.rebuild (package:flutter/src/widgets/framework.dart:5532:7)
#7      ComponentElement._firstBuild (package:flutter/src/widgets/framework.dart:5802:5)
#8      ComponentElement.mount (package:flutter/src/widgets/framework.dart:5796:5)
#9      Element.inflateWidget (package:flutter/src/widgets/framework.dart:4590:20)
#10     Element.updateChild (package:flutter/src/widgets/framework.dart:4053:20)
#11     ComponentElement.performRebuild (package:flutter/src/widgets/framework.dart:5844:16)
#12     Element.rebuild (package:flutter/src/widgets/framework.dart:5532:7)
#13     ProxyElement.update (package:flutter/src/widgets/framework.dart:6152:5)
#14     _InheritedNotifierElement.update (package:flutter/src/widgets/inherited_notifier.dart:108:11)
#15     Element.updateChild (package:flutter/src/widgets/framework.dart:4037:15)
#16     ComponentElement.performRebuild (package:flutter/src/widgets/framework.dart:5844:16)
#17     StatefulElement.performRebuild (package:flutter/src/widgets/framework.dart:5985:11)
#18     Element.rebuild (package:flutter/src/widgets/framework.dart:5532:7)
#19     StatefulElement.update (package:flutter/src/widgets/framework.dart:6010:5)
#20     Element.updateChild (package:flutter/src/widgets/framework.dart:4037:15)
#21     ComponentElement.performRebuild (package:flutter/src/widgets/framework.dart:5844:16)
#22     Element.rebuild (package:flutter/src/widgets/framework.dart:5532:7)
#23     ProxyElement.update (package:flutter/src/widgets/framework.dart:6152:5)
#24     _InheritedNotifierElement.update (package:flutter/src/widgets/inherited_notifier.dart:108:11)
#25     Element.updateChild (package:flutter/src/widgets/framework.dart:4037:15)
#26     ComponentElement.performRebuild (package:flutter/src/widgets/framework.dart:5844:16)
#27     StatefulElement.performRebuild (package:flutter/src/widgets/framework.dart:5985:11)
#28     Element.rebuild (package:flutter/src/widgets/framework.dart:5532:7)
#29     StatefulElement.update (package:flutter/src/widgets/framework.dart:6010:5)
#30     Element.updateChild (package:flutter/src/widgets/framework.dart:4037:15)
#31     ComponentElement.performRebuild (package:flutter/src/widgets/framework.dart:5844:16)
#32     StatefulElement.performRebuild (package:flutter/src/widgets/framework.dart:5985:11)
#33     Element.rebuild (package:flutter/src/widgets/framework.dart:5532:7)
#34     StatefulElement.update (package:flutter/src/widgets/framework.dart:6010:5)
#35     Element.updateChild (package:flutter/src/widgets/framework.dart:4037:15)
#36     ComponentElement.performRebuild (package:flutter/src/widgets/framework.dart:5844:16)
#37     Element.rebuild (package:flutter/src/widgets/framework.dart:5532:7)
#38     ProxyElement.update (package:flutter/src/widgets/framework.dart:6152:5)
#39     Element.updateChild (package:flutter/src/widgets/framework.dart:4037:15)
#40     ComponentElement.performRebuild (package:flutter/src/widgets/framework.dart:5844:16)
#41     StatefulElement.performRebuild (package:flutter/src/widgets/framework.dart:5985:11)
#42     Element.rebuild (package:flutter/src/widgets/framework.dart:5532:7)
#43     StatefulElement.update (package:flutter/src/widgets/framework.dart:6010:5)
#44     Element.updateChild (package:flutter/src/widgets/framework.dart:4037:15)
#45     ComponentElement.performRebuild (package:flutter/src/widgets/framework.dart:5844:16)
#46     Element.rebuild (package:flutter/src/widgets/framework.dart:5532:7)
#47     ProxyElement.update (package:flutter/src/widgets/framework.dart:6152:5)
#48     Element.updateChild (package:flutter/src/widgets/framework.dart:4037:15)
#49     ComponentElement.performRebuild (package:flutter/src/widgets/framework.dart:5844:16)
#50     Element.rebuild (package:flutter/src/widgets/framework.dart:5532:7)
#51     ProxyElement.update (package:flutter/src/widgets/framework.dart:6152:5)
#52     Element.updateChild (package:flutter/src/widgets/framework.dart:4037:15)
#53     _RawViewElement._updateChild (package:flutter/src/widgets/view.dart:481:16)
#54     _RawViewElement.update (package:flutter/src/widgets/view.dart:568:5)
#55     Element.updateChild (package:flutter/src/widgets/framework.dart:4037:15)
#56     ComponentElement.performRebuild (package:flutter/src/widgets/framework.dart:5844:16)
#57     Element.rebuild (package:flutter/src/widgets/framework.dart:5532:7)
#58     StatelessElement.update (package:flutter/src/widgets/framework.dart:5898:5)
#59     Element.updateChild (package:flutter/src/widgets/framework.dart:4037:15)
#60     ComponentElement.performRebuild (package:flutter/src/widgets/framework.dart:5844:16)
#61     StatefulElement.performRebuild (package:flutter/src/widgets/framework.dart:5985:11)
#62     Element.rebuild (package:flutter/src/widgets/framework.dart:5532:7)
#63     StatefulElement.update (package:flutter/src/widgets/framework.dart:6010:5)
#64     Element.updateChild (package:flutter/src/widgets/framework.dart:4037:15)
#65     RootElement._rebuild (package:flutter/src/widgets/binding.dart:1782:16)
#66     RootElement.update (package:flutter/src/widgets/binding.dart:1760:5)
#67     RootElement.performRebuild (package:flutter/src/widgets/binding.dart:1774:7)
#68     Element.rebuild (package:flutter/src/widgets/framework.dart:5532:7)
#69     BuildScope._tryRebuild (package:flutter/src/widgets/framework.dart:2750:15)
#70     BuildScope._flushDirtyElements (package:flutter/src/widgets/framework.dart:2807:11)
#71     BuildOwner.buildScope (package:flutter/src/widgets/framework.dart:3111:18)
#72     AutomatedTestWidgetsFlutterBinding.drawFrame (package:flutter_test/src/binding.dart:1506:19)
#73     RendererBinding._handlePersistentFrameCallback (package:flutter/src/rendering/binding.dart:495:5)
#74     SchedulerBinding._invokeFrameCallback (package:flutter/src/scheduler/binding.dart:1434:15)
#75     SchedulerBinding.handleDrawFrame (package:flutter/src/scheduler/binding.dart:1347:9)
#76     AutomatedTestWidgetsFlutterBinding.pump.<anonymous closure> (package:flutter_test/src/binding.dart:1335:9)
#79     TestAsyncUtils.guard (package:flutter_test/src/test_async_utils.dart:74:41)
#80     AutomatedTestWidgetsFlutterBinding.pump (package:flutter_test/src/binding.dart:1324:27)
#81     WidgetTester.pumpWidget.<anonymous closure> (package:flutter_test/src/widget_tester.dart:598:22)
#84     TestAsyncUtils.guard (package:flutter_test/src/test_async_utils.dart:74:41)
#85     WidgetTester.pumpWidget (package:flutter_test/src/widget_tester.dart:595:27)
#86     main.<anonymous closure> (file:///C:/Users/Qadeer/Downloads/custom%20pos/test/widget_test.dart:6:18)
#87     testWidgets.<anonymous closure>.<anonymous closure> (package:flutter_test/src/widget_tester.dart:192:29)
<asynchronous suspension>
#88     TestWidgetsFlutterBinding._runTestBody (package:flutter_test/src/binding.dart:1059:5)
<asynchronous suspension>
<asynchronous suspension>
(elided 5 frames from dart:async and package:stack_trace)

ΓòÉΓòÉΓòÉΓòÉΓòÉΓòÉΓòÉΓòÉΓòÉΓòÉΓòÉΓòÉΓòÉΓòÉΓòÉΓòÉΓòÉΓòÉΓòÉΓòÉΓòÉΓòÉΓòÉΓòÉΓòÉΓòÉΓòÉΓòÉΓòÉΓòÉΓòÉΓòÉΓòÉΓòÉΓòÉΓòÉΓòÉΓòÉΓòÉΓòÉΓòÉΓòÉΓòÉΓòÉΓòÉΓòÉΓòÉΓòÉΓòÉΓòÉΓòÉΓòÉΓòÉΓòÉΓòÉΓòÉΓòÉΓòÉΓòÉΓòÉΓòÉΓòÉΓòÉΓòÉΓòÉΓòÉΓòÉΓòÉΓòÉΓòÉΓòÉΓòÉΓòÉΓòÉΓòÉΓòÉΓòÉΓòÉΓòÉΓòÉΓòÉΓòÉΓòÉΓòÉΓòÉΓòÉΓòÉΓòÉΓòÉΓòÉΓòÉΓòÉΓòÉΓòÉΓòÉΓòÉΓòÉΓòÉΓòÉΓòÉ
ΓòÉΓòÉΓòí EXCEPTION CAUGHT BY FLUTTER TEST FRAMEWORK Γò₧ΓòÉΓòÉΓòÉΓòÉΓòÉΓòÉΓòÉΓòÉΓòÉΓòÉΓòÉΓòÉΓòÉΓòÉΓòÉΓòÉΓòÉΓòÉΓòÉΓòÉΓòÉΓòÉΓòÉΓòÉΓòÉΓòÉΓòÉΓòÉΓòÉΓòÉΓòÉΓòÉΓòÉΓòÉΓòÉΓòÉΓòÉΓòÉΓòÉΓòÉΓòÉΓòÉΓòÉΓòÉΓòÉΓòÉΓòÉΓòÉΓòÉΓòÉΓòÉΓòÉ
The following TestFailure was thrown running a test:
Expected: exactly one matching candidate
  Actual: _TextWidgetFinder:<Found 0 widgets with text "Styles POS": []>
   Which: means none were found but one was expected

When the exception was thrown, this was the stack:
#4      main.<anonymous closure> (file:///C:/Users/Qadeer/Downloads/custom%20pos/test/widget_test.dart:7:5)
<asynchronous suspension>
#5      testWidgets.<anonymous closure>.<anonymous closure> (package:flutter_test/src/widget_tester.dart:192:15)
<asynchronous suspension>
#6      TestWidgetsFlutterBinding._runTestBody (package:flutter_test/src/binding.dart:1059:5)
<asynchronous suspension>
<asynchronous suspension>
(elided one frame from package:stack_trace)

This was caught by the test expectation on the following line:
  file:///C:/Users/Qadeer/Downloads/custom%20pos/test/widget_test.dart line 7
The test description was:
  Smoke test
ΓòÉΓòÉΓòÉΓòÉΓòÉΓòÉΓòÉΓòÉΓòÉΓòÉΓòÉΓòÉΓòÉΓòÉΓòÉΓòÉΓòÉΓòÉΓòÉΓòÉΓòÉΓòÉΓòÉΓòÉΓòÉΓòÉΓòÉΓòÉΓòÉΓòÉΓòÉΓòÉΓòÉΓòÉΓòÉΓòÉΓòÉΓòÉΓòÉΓòÉΓòÉΓòÉΓòÉΓòÉΓòÉΓòÉΓòÉΓòÉΓòÉΓòÉΓòÉΓòÉΓòÉΓòÉΓòÉΓòÉΓòÉΓòÉΓòÉΓòÉΓòÉΓòÉΓòÉΓòÉΓòÉΓòÉΓòÉΓòÉΓòÉΓòÉΓòÉΓòÉΓòÉΓòÉΓòÉΓòÉΓòÉΓòÉΓòÉΓòÉΓòÉΓòÉΓòÉΓòÉΓòÉΓòÉΓòÉΓòÉΓòÉΓòÉΓòÉΓòÉΓòÉΓòÉΓòÉΓòÉΓòÉΓòÉΓòÉΓòÉ
ΓòÉΓòÉΓòí EXCEPTION CAUGHT BY FLUTTER TEST FRAMEWORK Γò₧ΓòÉΓòÉΓòÉΓòÉΓòÉΓòÉΓòÉΓòÉΓòÉΓòÉΓòÉΓòÉΓòÉΓòÉΓòÉΓòÉΓòÉΓòÉΓòÉΓòÉΓòÉΓòÉΓòÉΓòÉΓòÉΓòÉΓòÉΓòÉΓòÉΓòÉΓòÉΓòÉΓòÉΓòÉΓòÉΓòÉΓòÉΓòÉΓòÉΓòÉΓòÉΓòÉΓòÉΓòÉΓòÉΓòÉΓòÉΓòÉΓòÉΓòÉΓòÉΓòÉ
The following message was thrown:
Multiple exceptions (2) were detected during the running of the current test, and at least one was
unexpected.
ΓòÉΓòÉΓòÉΓòÉΓòÉΓòÉΓòÉΓòÉΓòÉΓòÉΓòÉΓòÉΓòÉΓòÉΓòÉΓòÉΓòÉΓòÉΓòÉΓòÉΓòÉΓòÉΓòÉΓòÉΓòÉΓòÉΓòÉΓòÉΓòÉΓòÉΓòÉΓòÉΓòÉΓòÉΓòÉΓòÉΓòÉΓòÉΓòÉΓòÉΓòÉΓòÉΓòÉΓòÉΓòÉΓòÉΓòÉΓòÉΓòÉΓòÉΓòÉΓòÉΓòÉΓòÉΓòÉΓòÉΓòÉΓòÉΓòÉΓòÉΓòÉΓòÉΓòÉΓòÉΓòÉΓòÉΓòÉΓòÉΓòÉΓòÉΓòÉΓòÉΓòÉΓòÉΓòÉΓòÉΓòÉΓòÉΓòÉΓòÉΓòÉΓòÉΓòÉΓòÉΓòÉΓòÉΓòÉΓòÉΓòÉΓòÉΓòÉΓòÉΓòÉΓòÉΓòÉΓòÉΓòÉΓòÉΓòÉΓòÉ
00:00 +0 -1: Smoke test [E]
  Test failed. See exception logs above.
  The test description was: Smoke test
  
00:00 +0 -1: Some tests failed.
